---
source: crates/cctui-tui/src/view_snapshots.rs
assertion_line: 637
expression: render_screen(&mut app)
---
┌ shot.png — Esc closes, o opens in the desktop viewer ────────────────────────────────────────────┐
│[image: shot.png 4 KB]                                                                            │
│                                                                                                  │
│press o to open it in the desktop viewer                                                          │
│                                                                                                  │
│                                                                                                  │
│                                                                                                  │
│                                                                                                  │
│                                                                                                  │
│                                                                                                  │
│                                                                                                  │
│                                                                                                  │
│                                                                                                  │
│                                                                                                  │
│                                                                                                  │
│                                                                                                  │
│                                                                                                  │
│                                                                                                  │
│                                                                                                  │
│                                                                                                  │
│                                                                                                  │
│                                                                                                  │
│                                                                                                  │
└──────────────────────────────────────────────────────────────────────────────────────────────────┘
