---
source: crates/cctui-tui/src/view_snapshots.rs
expression: render_screen(&mut app)
---
 cctui  v0.0.0-test  4 sessions  ● 3 active
 S┌ Keys · j/k to scroll ────────────────────────────────────────────────────────────────────────┐
  │Anywhere                                         Ctrl+p / ↑  Previous macro                   │
▸ │  ?           Toggle this cheat sheet            Enter       Put this prompt in the composer  │
  │  q           Quit cctui                       Bookmarks                                      │
  │  /           Search the current view            q / Esc     Back to the session list         │
  │  n           Next search hit                    j / ↓       Next bookmark                    │
  │  N           Previous search hit                k / ↑       Previous bookmark                │
  │  D           Diagnose the selected session      g           First bookmark                   │
  │  i           Session info                       G           Last bookmark                    │
  │  Ctrl+g      Jump to the next pending approv…   Ctrl+f / P… Scroll the preview down          │
  │Session list                                     Ctrl+b / P… Scroll the preview up            │
  │  j / ↓       Next session                       /           Search the bookmarks             │
  │  k / ↑       Previous session                   Enter       Open the source message          │
  │  g           First session                      y           Copy the bookmark as markdown    │
  │  G           Last session                       e           Edit the title and note          │
  │  Enter       Open the conversation              d           Delete the bookmark              │
  │  z / Tab     Fold or open the subagent group  Bookmarks — search or edit                     │
  │  S           Fold or open the section           Enter       Accept                           │
  │  Z           Fold or open everything            Esc         Discard                          │
  │  B           Browse your bookmarks              Tab         Switch between title and note    │
  │Conversation                                   Bookmarks — confirm                            │
  └──────────────────────────────────────────────────────────────────────────────────────────────┘
 j/k:nav  Enter:open  g/G:top/bottom  ?:help  q:quit
