---
source: crates/cctui-tui/src/view_snapshots.rs
expression: render_screen(&mut app)
---
 cctui  v0.0.0-test  4 sessions  ● 3 active
 S┌ Keys · j/k to scroll ────────────────────────────────────────────────────────────────────────┐
  │Anywhere                                         k / ↑       Scroll the terminal up           │
▸ │  ?           Toggle this cheat sheet          Help                                           │
  │  q           Quit cctui                         j / ↓       Scroll down                      │
  │  Ctrl+g      Jump to the next pending approval  k / ↑       Scroll up                        │
  │Session list                                     PgDn        Page down                        │
  │  j / ↓       Next session                       PgUp        Page up                          │
  │  k / ↑       Previous session                   ? / q / Esc Close this cheat sheet           │
  │  g           First session                    Permission card                                │
  │  G           Last session                       y           Allow                            │
  │  Enter       Open the conversation              n           Deny                             │
  │  z / Tab     Fold or open the subagent group    A           Allow and auto-approve           │
  │  S           Fold or open the section         Question card                                  │
  │  Z           Fold or open everything            Esc         Answer later                     │
  │Conversation                                     j / ↓       Next option                      │
  │  1-9         Jump to session by number          k / ↑       Previous option                  │
  │  q / Esc     Back to the session list           1-9         Pick an option by number         │
  │  j / ↓       Scroll down                        Space       Toggle the focused option        │
  │  k / ↑       Scroll up                          Tab         Next question                    │
  │  PgDn        Page down                          Shift+Tab   Previous question                │
  │  PgUp        Page up                            o           Write a free-text answer         │
  └──────────────────────────────────────────────────────────────────────────────────────────────┘
 j/k:nav  Enter:open  g/G:top/bottom  ?:help  q:quit
