---
source: crates/cctui-tui/src/view_snapshots.rs
assertion_line: 1195
expression: render_screen(&mut app)
---
┌ shot.png — Esc closes, o opens in the desktop viewer ────────────────────────────────────────────┐
│[image: shot.png 4 KB]                                                                            │
│                                                                                                  │
│o opens it in the desktop viewer, i toggles the inline preview                                    │
│                                                                                                  │
│                                                                                                  │
│                                                                                                  │
│                                                                                                  │
│                                                                                                  │
│                                                                                                  │
│                                                                                                  │
│                                                                                                  │
│                                                                                                  │
│                                                                                                  │
│                                                                                                  │
│                                                                                                  │
│                                                                                                  │
│                                                                                                  │
│                                                                                                  │
│                                                                                                  │
│                                                                                                  │
│                                                                                                  │
│                                                                                                  │
└──────────────────────────────────────────────────────────────────────────────────────────────────┘
