---
source: crates/cctui-tui/src/view_snapshots.rs
assertion_line: 182
expression: render_screen(&mut app)
---
 cctui  v0.0.0-test  4 sessions  ● 3 active
 Sessions
   ▾ Needs input (1)
     ● [claude-code] infra (main)  opus  0s  $1.25
   ▾ Working (1)
     ● [claude-code] cctui (main)  opus  0s  $1.25
     ▾ subagents (1/1 running)
▸      ↳ ● [claude-code] cctui-sub (main)  opus  0s  $1.25
   ▾ Completed (1)
     ○ [claude-code] notes (main)  opus  0s  $1.25













 j/k:nav  Enter:open  g/G:top/bottom  ?:help  q:quit
