---
source: crates/cctui-tui/src/view_snapshots.rs
assertion_line: 330
expression: render_screen(&mut app)
---
 infra (main) on orion ── opus ── $1.25
                                                                                                   ▕
∴ thinking (2 lines)  (2 more · o)                                                                 ▕
 Read  crates/cctui-tui/src/main.rs  read                                                          ▕
└ 984 ┌ Prompt history ──────────────────────────────────────────────────────────────────────┐     ▕
 Bash │ filter ▏                                                                             │     ▐
└ ✗ ex│                                                                                      │     ▐
      │❯ second prompt                                                                       │     ▐
● Assi│  first prompt                                                                        │     ▐
Lookin│                                                                                      │     ▐
      │                                                                                      │     ▐
- one │                                                                                      │     ▐
- two │                                                                                      │     ▐
⏱ 12.4│                                                                                      │     ▐
⏱ 38s │                                                                                      │     ▐
      │                                                                                      │     ▐
◆ lane│                                                                                      │     ▐
the pa│                                                                                      │     ▐
⟳ cont│ ↑↓ Pick  Enter Recall  Esc Cancel                                                    │     ▐
      └──────────────────────────────────────────────────────────────────────────────────────┘     ▐
◁ Reply done                                                                                       ▐
────────────────────────────────────────────────────────────────────────────────────────────────────
 ◆ waiting for input
❯  Type a message...
