---
source: crates/cctui-tui/src/view_snapshots.rs
assertion_line: 221
expression: "render_screen_sized(&mut app, 100, height)"
---
 cctui  v0.0.0-test  ● ~3 live  ▪ 0/0 machines  $0.00 today  ! 1 need input — Ctrl+g
 1┌ Keys ────────────────────────────────────────────────────────────────────────────────────────┐
  │Anywhere                                         Ctrl+e      Rename or rebind                 │
▸ │  ?           Toggle this cheat sheet            Ctrl+x      Remove this dispatcher           │
  │  q           Quit cctui                         Ctrl+r      Refresh the dispatcher list      │
  │  1-9         Switch view                        Tab         Next field, or cycle the kind    │
  │  /           Search the current view            Enter       Confirm                          │
  │  n           Next search hit                    Esc         Back                             │
  │  N           Previous search hit                Ctrl+y      Copy the new key                 │
  │  D           Diagnose the selected session    Labels                                         │
  │  i           Session info                       Esc         Close the label list             │
  │  M           Machines and daemons               Ctrl+n / ↓  Next label                       │
  │  Ctrl+d      Dispatchers                        Ctrl+p / ↑  Previous label                   │
  │  Ctrl+g      Jump to the next session needin…   Space       Attach or detach this label      │
  │Session list                                     Ctrl+c      Create a label                   │
  │  j / ↓       Next session                       Ctrl+e      Rename or recolor                │
  │  k / ↑       Previous session                   Ctrl+d      Delete this label                │
  │  g           First session                      Enter       Confirm                          │
  │  G           Last session                     Label filter                                   │
  │  Enter       Open the conversation              Esc         Close the label list             │
  │  z / Tab     Fold or open the subagent group    Ctrl+n / ↓  Next label                       │
  │  S           Fold or open the section           Ctrl+p / ↑  Previous label                   │
  │  Z           Fold or open everything            Space / En… Include or exclude this label    │
  │  f           Choose which sections show         a           Show every label again           │
  │  o           Cycle the sort field             Pinned messages                                │
  │  O           Flip the sort direction            Esc         Close the pinned messages        │
  │  v           Cycle what rows group by           Ctrl+n / ↓  Next pin                         │
  │  c           Cycle the row accent dimension     Ctrl+p / ↑  Previous pin                     │
  │  U           Show only unread sessions          Enter       Jump to the pinned message       │
  │  p           Pin or unpin the session           d / m       Unpin this message               │
  │  x           Archive or unarchive the session Macros                                         │
  │  l           Label this session                 Esc         Close the macro list             │
  │  L           Filter by label                    Ctrl+n / ↓  Next macro                       │
  │  r           Rename the session                 Ctrl+p / ↑  Previous macro                   │
  │  A           Archive every session in the se…   Enter       Put this prompt in the composer  │
  │  X           Kill the session                 Bookmarks — search or edit                     │
  │  u           Undo the last archive              Enter       Accept                           │
  │  Space       Select or deselect the row         Esc         Discard                          │
  │  V           Select up to the anchor            Tab         Switch between title and note    │
  │  *           Select every visible row         Bookmarks — confirm                            │
  │  Esc         Leave select mode                  y / Enter   Delete it                        │
  │Confirm prompt                                   n / q / Esc Keep it                          │
  │  Y / y       Yes                              Terminal pane                                  │
  │  N / n / q … No                                 T / q / Esc Close the terminal pane          │
  │Rename a session                                 j / ↓       Scroll the terminal down         │
  │  Enter       Save the name                      k / ↑       Scroll the terminal up           │
  │  Esc         Discard the name                 Help                                           │
  │Conversation                                     j / ↓       Scroll down                      │
  │  1-9         Jump to session by number          k / ↑       Scroll up                        │
  │  Ctrl+f      Fork the session                   PgDn        Page down                        │
  │  q / Esc     Back to the session list           PgUp        Page up                          │
  │  j / ↓       Scroll down                        ? / q / Esc Close this cheat sheet           │
  │  k / ↑       Scroll up                        Model picker                                   │
  │  PgDn        Page down                          q / Esc     Close the picker                 │
  │  PgUp        Page up                            j / ↓       Next entry                       │
  │  g           Jump to the top                    k / ↑       Previous entry                   │
  │  G           Jump to the bottom                 h / ←       Focus the model list             │
  │  t           Show timestamps                    l / → / Tab Focus the effort list            │
  │  Ctrl+c      Interrupt the turn                 Enter       Apply model and effort           │
  │  M           Change model and effort          Sidebar                                        │
  │  >           Todo and subagent sidebar          j / ↓       Next subagent                    │
  │  u           Go to the parent session           k / ↑       Previous subagent                │
  │  Ctrl+a      Toggle auto-approve                Enter       Open the subagent                │
  │  v           Select transcript lines            > / Esc     Close the sidebar                │
  │  Ctrl+o      Attach a file                      u           Go to the parent session         │
  │  o           Expand the focused line          Permission card                                │
  │  z           Expand every thinking and resul…   y           Allow                            │
  │  R           Retry the undelivered message      n           Deny                             │
  │  e           Edit the undelivered message       A           Allow and auto-approve           │
  │  x           Drop the undelivered message     Diagnose / info                                │
  │  y           Copy the focused line as Markdo…   D           Diagnose the selected session    │
  │  Y           Copy the code under the cursor     i           Session info                     │
  │  Ctrl+y      Copy a link to this session        q / Esc     Close the panel                  │
  │  :           Run a command (:export)            j / ↓       Scroll the panel down            │
  │  f           Cycle assistant / you / tools      k / ↑       Scroll the panel up              │
  │  F           Choose which lines to show         PgDn        Page the panel down              │
  │  T           Watch the live terminal            PgUp        Page the panel up                │
  │  Ctrl+r      Search sent prompts                g           Jump to the top of the panel     │
  │  m           Pin or unpin the focused line      r           Refresh the report               │
  │  '           Open the pinned messages           y           Copy the session id              │
  │  b           Save the focused message as a b… Bookmarks                                      │
  │  Ctrl+t      Insert a canned prompt             j / ↓       Next bookmark                    │
  │  Tab         Answer the waiting prompt          k / ↑       Previous bookmark                │
  │  g f         Open the file under the cursor     g           First bookmark                   │
  │Composer                                         G           Last bookmark                    │
  │  Ctrl+o      Attach a file                      Ctrl+f / P… Scroll the preview down          │
  │  Bksp        Remove the focused attachment      Ctrl+b / P… Scroll the preview up            │
  │  Alt+Bksp    Focus the attachment chips         /           Search the bookmarks             │
  │  →           Next attachment chip               Enter       Open the source message          │
  │  ←           Previous attachment chip           y           Copy the bookmark as markdown    │
  │  Esc         Close the composer                 e           Edit the title and note          │
  │  Enter       Send the message                   d           Delete the bookmark              │
  │  Ctrl+j / A… Insert a newline                 Overview                                       │
  │  ↑           Recall an earlier prompt           j / ↓       Scroll the overview down         │
  │  ↓           Recall a later prompt              k / ↑       Scroll the overview up           │
  │  Ctrl+r      Search sent prompts                r           Refresh the counts               │
  │  Tab         Take the session completion      Harness mode                                   │
  │  Ctrl+t      Insert a canned prompt             q / Esc     Close the harness picker         │
  │Sections popup                                   Ctrl+n / j… Next mode                        │
  │  f / q / Esc Choose which sections show         Ctrl+p / k… Previous mode                    │
  │  j / ↓       Next section                       Enter       Apply this mode to every daemon  │
  │  k / ↑       Previous section                 Question card                                  │
  │  Space / En… Show or hide this section          Esc         Answer later                     │
  │List search                                      j / ↓       Next option                      │
  │  Ctrl+n      Next search hit                    k / ↑       Previous option                  │
  │  Ctrl+p      Previous search hit                1-9         Pick an option by number         │
  │  Tab         Complete the field or value        Space       Toggle the focused option        │
  │  Enter       Open the result                    Tab         Next question                    │
  │  Esc         Clear the search                   Shift+Tab   Previous question                │
  │  Ctrl+a      Include archived sessions          o           Write a free-text answer         │
  │  Ctrl+m      Load more results                  Enter       Send the answer                  │
  │Search and commands                            Question card — free text                      │
  │  Enter       Run it                             Enter       Accept the text                  │
  │  Esc         Abandon it                         Esc         Discard the text                 │
  │  Tab         Complete the path                Plan card                                      │
  │Filter menu                                      Esc         Answer later                     │
  │  F / q / Esc Choose which lines to show         1           Approve, auto-accept edits       │
  │  a           Show every category                2           Approve, manually approve edits  │
  │  r           Back to the default filter         3           Keep planning                    │
  │  Space / En… Show or hide this category         r           Refine the plan                  │
  │  j / ↓       Next category                      j / ↓       Scroll the plan down             │
  │  k / ↑       Previous category                  k / ↑       Scroll the plan up               │
  │Prompt history                                 Plan card — refine                             │
  │  Esc         Close the prompt list              Enter       Accept the text                  │
  │  Ctrl+n / ↓  Next prompt                        Esc         Discard the text                 │
  │  Ctrl+p / ↑  Previous prompt                  Row glyphs                                     │
  │  Enter       Put this prompt in the composer    ●           working                          │
  │File viewer                                      ◐           stale or asleep                  │
  │  j / ↓       Scroll down                        ○           idle                             │
  │  k / ↑       Scroll up                          ☾           hibernated                       │
  │  PgDn        Page down                          ↳           subagent                         │
  │  PgUp        Page up                            ▸ / ▾       folded / open group              │
  │  g           Jump to the top                    [name]      a label, tinted by its hue       │
  │  q / Esc     Close the file viewer              +N          more labels than fit             │
  │  o           Open in the desktop viewer         !           permission waiting on you        │
  │Machines                                         ?           question waiting on you          │
  │  j / ↓       Next machine                       P           plan waiting for approval        │
  │  k / ↑       Previous machine                   ●N          unread messages                  │
  │  r           Refresh the machine list           ⚡           auto-approve on                  │
  │  Enter       Aim a spawn at this machine        ⏸           account soft-limited             │
  │  Esc         Back to the sessions               ⚠           account traffic never seen       │
  │Dispatchers                                      ❄           cache cold, next turn re-reads   │
  │  Ctrl+n / ↓  Next dispatcher                    ⌂           a job cctui did not start        │
  │  Ctrl+p / ↑  Previous dispatcher                ✕reason     how it ended                     │
  │  Ctrl+a      Enroll a dispatcher                ⚙N age      tool calls, age of the last      │
  └──────────────────────────────────────────────────────────────────────────────────────────────┘
 j/k:nav  Enter:open  g/G:top/bottom  ?:help  q:quit
