---
source: crates/cctui-tui/src/view_snapshots.rs
assertion_line: 400
expression: render_screen(&mut app)
---
 cctui  v0.0.0-test  ● ~3 live  ▪ 0/0 machines  $0.00 today  ! 1 need input — Ctrl+g
 1 Sessions  2 Bookmarks  3 Overview   starred · live · dispatched  sort: activity ↓  group: status
   ▾ Needs input (1)
▸    ● [claude-code] infra (main)  opus  0s  $1.25
   ▾ Working (1)
     ● [claude┌ New session ─────────────────────────────────────────────────────────┐
     ▾ subagen│❯ Machine  orion                                                      │
       ↳ ● [cl│  Dir      /home/dev/infra                                            │
   ▾ Completed│  Name     —                                                          │
     ○ [claude│  Harness  codex                                                      │
              │  Model    —                                                          │
              │  Effort   —                                                          │
              │  Tier     —                                                          │
              │  Mode     yolo                                                       │
              │           skips prompts and sandbox                                  │
              │  Prompt   —                                                          │
              │  Ctrl-S launch   Tab next   Esc cancel                               │
              └──────────────────────────────────────────────────────────────────────┘





 j/k:nav  Enter:open  g/G:top/bottom  ?:help  q:quit
