---
source: crates/cctui-tui/src/view_snapshots.rs
assertion_line: 174
expression: render_screen(&mut app)
---
 cctui  v0.0.0-test  4 sessions  ● 3 active
 Sessions
   ▾ Needs input (1)
▸    ● [claude-code] infra (main)
   ▾ Working (1)
     ● [claude-code] cctui (main)
     ▾ subagents (1/1 running)
       ↳ ● [claude-code] cctui-sub (main)
   ▾ Completed (1)
     ○ [claude-code] notes (main)













 j/k:nav  Enter:open  g/G:top/bottom  ?:help  q:quit
