---
source: crates/cctui-tui/src/view_snapshots.rs
assertion_line: 431
expression: render_screen(&mut app)
---
 cctui  v0.0.0┌ New session ─────────────────────────────────────────────────────────┐
 1 Sessions  2│  [Machine]   Dispatch    Ctrl-D switches                             │tus
   ▾ Needs inp│ Profile                                                              │
▸    ● [claude│   no profiles yet — press + to save this setup                       │
   ▾ Working (│  Machine  orion                                                      │
     ● [claude│  Dir      /home/dev/infra                                            │
     ▾ subagen│  Name     —                                                          │
       ↳ ● [cl│  Harness  codex                                                      │
   ▾ Completed│  Model    gpt-6-preview                                              │
     ○ [claude│           needs codex ≥ 0.200.0, catalog is 0.150.0                  │
              │  Effort   —                                                          │
              │  Tier     —                                                          │
              │  Mode     default                                                    │
              │           the account's own setting                                  │
              │  Prompt   —                                                          │
              │ Account                                                              │
              │   [auto (most allocation left)]                                      │
              │ Labels                                                               │
              │   no labels yet                                                      │
              │ Env                                                                  │
              │   none  (a add)                                                      │
              │ Files                                                                │
              │   none  (o add path)                                                 │
 j/k:nav  Ente└──────────────────────────────────────────────────────────────────────┘
