---
source: crates/cctui-tui/src/view_snapshots.rs
assertion_line: 427
expression: render_screen(&mut app)
---
 cctui  v0.0.0┌ New session ─────────────────────────────────────────────────────────┐
 1 Sessions  2│ Profile                                                              │
   ▾ Needs inp│   no profiles yet — press + to save this setup                       │
▸    ● [claude│  Machine  orion                                                      │
   ▾ Working (│  Dir      /home/dev/infra                                            │
     ● [claude│  Name     —                                                          │
     ▾ subagen│  Harness  codex                                                      │
       ↳ ● [cl│  Model    gpt-6-preview                                              │
   ▾ Completed│           needs codex ≥ 0.200.0, catalog is 0.150.0                  │
     ○ [claude│  Effort   —                                                          │
              │  Tier     —                                                          │
              │  Mode     default                                                    │
              │           the account's own setting                                  │
              │  Prompt   —                                                          │
              │ Account                                                              │
              │   [auto (most allocation left)]                                      │
              │ Labels                                                               │
              │   no labels yet                                                      │
              │ Env                                                                  │
              │   none  (a add)                                                      │
              │ Files                                                                │
              │   none  (o add path)                                                 │
              │  Ctrl-S launch   Tab next   Esc cancel                               │
 j/k:nav  Ente└──────────────────────────────────────────────────────────────────────┘
