---
source: crates/cctui-tui/src/view_snapshots.rs
expression: render_screen(&mut app)
---
 cctui  v0.0.0-test  4 sessions  ● 3 active
 S┌ Keys · j/k to scroll ────────────────────────────────────────────────────────────────────────┐
  │  Ctrl+n / ↓  Next prompt                        Enter       Accept the text                  │
▸ │  Ctrl+p / ↑  Previous prompt                    Esc         Discard the text                 │
  │  Enter       Put this prompt in the composer  Row glyphs                                     │
  │File viewer                                      ●           working                          │
  │  j / ↓       Scroll down                        ◐           stale or asleep                  │
  │  k / ↑       Scroll up                          ○           idle                             │
  │  PgDn        Page down                          ☾           hibernated                       │
  │  PgUp        Page up                            ↳           subagent                         │
  │  g           Jump to the top                    ▸ / ▾       folded / open group              │
  │  q / Esc     Close the file viewer              !           permission waiting on you        │
  │  o           Open in the desktop viewer         ?           question waiting on you          │
  │Pinned messages                                  P           plan waiting for approval        │
  │  Esc         Close the pinned messages          ●N          unread messages                  │
  │  Ctrl+n / ↓  Next pin                           ⚡           auto-approve on                  │
  │  Ctrl+p / ↑  Previous pin                       ⏸           account soft-limited             │
  │  Enter       Jump to the pinned message         ⚠           account traffic never seen       │
  │  d / m       Unpin this message                 ❄           cache cold, next turn re-reads   │
  │Macros                                           ✕reason     how it ended                     │
  │  Esc         Close the macro list               ⚙N age      tool calls, age of the last      │
  │  Ctrl+n / ↓  Next macro                                                                      │
  └──────────────────────────────────────────────────────────────────────────────────────────────┘
 j/k:nav  Enter:open  g/G:top/bottom  ?:help  q:quit
