---
source: crates/cctui-tui/src/view_snapshots.rs
expression: "render_screen_sized(&mut app, 80, 24)"
---
 cctui  v0.0.0-test  ● ~3  ▪ 0/0  $0.00  ! 1 need input — Ctrl+g
 1 Sessions  2  3   starred · live · dispatched  sort: activity ↓  group: status
   ▾ Needs input (1)
▸    ● [claude-code] infra (main)  opus  0s  $1.25 [infra] [urgent]
   ▾ Working (1)
     ● [claude-code] cctui (main)  opus  0s  $1.25 [wave-5]
     ▾ subagents (1/1 running)
       ↳ ● [claude-code] cctui-sub (main)  opus  0s  $1.25
   ▾ Completed (1)
     ○ [claude-code] notes (main)  opus  0s  $1.25 [docs] [infra] +2













 j/k:nav  Enter:open  g/G:top/bottom  ?:help  q:quit
