---
source: crates/cctui-tui/src/view_snapshots.rs
expression: "render_screen_sized(&mut app, 100, 46)"
---
 cctui  v0.0.0-test  4 sessions  ● 3 active
 S┌ Keys · j/k to scroll ────────────────────────────────────────────────────────────────────────┐
  │Anywhere                                         n           Deny                             │
▸ │  ?           Toggle this cheat sheet            A           Allow and auto-approve           │
  │  q           Quit cctui                       Diagnose / info                                │
  │  D           Diagnose the selected session      D           Diagnose the selected session    │
  │  i           Session info                       i           Session info                     │
  │  Ctrl+g      Jump to the next pending approval  q / Esc     Close the panel                  │
  │Session list                                     j / ↓       Scroll the panel down            │
  │  j / ↓       Next session                       k / ↑       Scroll the panel up              │
  │  k / ↑       Previous session                   PgDn        Page the panel down              │
  │  g           First session                      PgUp        Page the panel up                │
  │  G           Last session                       g           Jump to the top of the panel     │
  │  Enter       Open the conversation              r           Refresh the report               │
  │  z / Tab     Fold or open the subagent group    y           Copy the session id              │
  │  S           Fold or open the section         Question card                                  │
  │  Z           Fold or open everything            Esc         Answer later                     │
  │Conversation                                     j / ↓       Next option                      │
  │  1-9         Jump to session by number          k / ↑       Previous option                  │
  │  q / Esc     Back to the session list           1-9         Pick an option by number         │
  │  j / ↓       Scroll down                        Space       Toggle the focused option        │
  │  k / ↑       Scroll up                          Tab         Next question                    │
  │  PgDn        Page down                          Shift+Tab   Previous question                │
  │  PgUp        Page up                            o           Write a free-text answer         │
  │  g           Jump to the top                    Enter       Send the answer                  │
  │  G           Jump to the bottom               Question card — free text                      │
  │  t           Show timestamps                    Enter       Accept the text                  │
  │  Ctrl+c      Interrupt the turn                 Esc         Discard the text                 │
  │  Ctrl+a      Toggle auto-approve              Plan card                                      │
  │  v           Select transcript lines            Esc         Answer later                     │
  │  o           Expand the focused line            1           Approve, auto-accept edits       │
  │  z           Expand every thinking and result…  2           Approve, manually approve edits  │
  │  R           Retry the undelivered message      3           Keep planning                    │
  │  e           Edit the undelivered message       r           Refine the plan                  │
  │  x           Drop the undelivered message       j / ↓       Scroll the plan down             │
  │  Ctrl+r      Search sent prompts                k / ↑       Scroll the plan up               │
  │  Tab         Answer the waiting prompt        Plan card — refine                             │
  │Composer                                         Enter       Accept the text                  │
  │  Esc         Close the composer                 Esc         Discard the text                 │
  │  Enter       Send the message                 Row glyphs                                     │
  │  Ctrl+j / A… Insert a newline                   ●           working                          │
  │  ↑           Recall an earlier prompt           ◐           stale or asleep                  │
  │  ↓           Recall a later prompt              ○           idle                             │
  │  Ctrl+r      Search sent prompts                ☾           hibernated                       │
  └──────────────────────────────────────────────────────────────────────────────────────────────┘
 j/k:nav  Enter:open  g/G:top/bottom  ?:help  q:quit
