---
source: crates/cctui-tui/src/view_snapshots.rs
assertion_line: 1268
expression: render_screen(&mut app)
---
 cctui  v0.0.0-test  4 sessions  ● 3 active  ! 1 need input — Ctrl+g
 Sessions  starred · live · dispatched  sort: activity ↓  group: status
   ▾ Needs input (1)
▸    ● [claude-code] infra (main)  opus  0s  $1.25 [infra] [urgent]
   ▾ W┌ Labels: infra ───────────────────────────────────────────────────────────────────────┐
     ●│ filter ▏                                                                             │
     ▾│                                                                                      │
      │❯ [ ] ■ docs                                                                          │
   ▾ C│  [x] ■ infra                                                                         │
     ○│  [x] ■ urgent                                                                        │
      │  [ ] ■ wave-5                                                                        │
      │                                                                                      │
      │                                                                                      │
      │                                                                                      │
      │                                                                                      │
      │                                                                                      │
      │                                                                                      │
      │                                                                                      │
      │ space attach  Ctrl+c new  Ctrl+e edit  Ctrl+d delete  esc close                      │
      └──────────────────────────────────────────────────────────────────────────────────────┘



 j/k:nav  Enter:open  g/G:top/bottom  ?:help  q:quit
