---
source: crates/cctui-tui/src/view_snapshots.rs
expression: render_screen(&mut app)
---
 cctui  v0.0.0-test  ● ~3 live  ⚠ ~0 need you  ▪ 0/0 machines  $0.00 today
 1 Sessions  2 Bookmarks  3 Overview  4 Access  5 Accounts  6 Settings
┌ Overview ────────────────────────────────────────────────────────────────────────────────────────┐
│ 3                  live                                                                          │
│ 0                  need input                                                                    │
│ 0/0                machines online                                                               │
│ $0.00              cost of today's sessions                                                      │
│                                                                                                  │
│                                                                                                  │
│                                                                                                  │
│                                                                                                  │
│                                                                                                  │
│                                                                                                  │
│                                                                                                  │
│                                                                                                  │
│                                                                                                  │
│                                                                                                  │
│                                                                                                  │
│                                                                                                  │
│                                                                                                  │
│                                                                                                  │
│                                                                                                  │
└──────────────────────────────────────────────────────────────────────────────────────────────────┘
 j/k Scroll  r Refresh  1-9 Switch view  ? Help  q Quit
