---
source: crates/cctui-tui/src/view_snapshots.rs
assertion_line: 2490
expression: "render_screen_sized(&mut app, 80, 24)"
---
 Accounts  2/3 poolable  ! 1 need input — Ctrl+g  anthropic 91%
    NAME                  PROVIDERS     POOL          USAGE
▸ ● alice@max             anthropic     pool:default  5h 91%
  ○ bob@max               anthropic     pool:default  -        w0.50 → alice@max
  ● ops-codex             openai        pool:codex    -











 Pools  2
▸  default  ordered  failover  2 members
     1. alice@max
     2. bob@max
   codex  headroom  1 members
     1. ops-codex

 j/k:move  Enter:detail  e:poolable  +/-:weight  R:reset  x:redirect  Tab:pools
