---
source: crates/cctui-tui/src/view_snapshots.rs
assertion_line: 251
expression: render_screen(&mut app)
---
 cctui  v0.0.0-test  6 sessions  ● 4 active  ●4 unread  ! 2 need input — Ctrl+g
 Sessions
   ▾ Needs input (1)
▸    ● [claude-code] deploy (main)  opus  0s  $1.25  ! ⚡
   ▾ Working (3)
     ● [claude-code] cctui (main)  opus  0s  $1.25  ⚙14 8s  3/7 Running tests  ●4
     ● [claude-code] web (main)  opus  0s  $1.25  ⚙2 3m  asleep  ?
     ◐ [claude-code] api (main)  opus  0s  $1.25  stale 42m
   ▾ Completed (2)
     ☾ [claude-code] notes (main)  opus  0s  $1.25  hibernated
     ○ [claude-code] infra (main)  opus  0s  $1.25  ✕machine offline












 j/k:nav  Enter:open  g/G:top/bottom  ?:help  q:quit
