---
source: crates/cctui-tui/src/view_snapshots.rs
expression: render_screen(&mut app)
---
 cctui  v0.0.0-test  8 sessions  ● 3 active
 Sessions
   Needs input
▸    ● [claude-code] infra (main)  opus  0s  $1.25
   Working
     ● [claude-code] cctui (main)  opus  0s  $1.25
      ↳ ● [claude-code] cctui-sub (main)  opus  0s  $1.25
     ● [claude-code] extra0 (main)  opus  0s  $1.25
     ● [claude-code] extra1 (main)  opus  0s  $1.25
     [a] show all













 j/k:nav  Enter:open  g/G:top/bottom  ?:help  q:quit
