---
source: crates/cctui-tui/src/view_snapshots.rs
assertion_line: 307
expression: render_screen(&mut app)
---
 cctui  v0.0.0-test  ● ~3 live  ▪ 0/0 machines  $0.00 today  ! 1 need input — Ctrl+g
 1 Sessions  2 Overview  3 Machines   starred · live · dispatched  sort: activity ↓  group: status
   ▾ Needs inp┌ New session ─────────────────────────────────────────────────────────┐
▸    ● [claude│❯ Machine  orion                                                      │
   ▾ Working (│  Dir      /home/dev/infra                                            │
     ● [claude│  Name     —                                                          │
     ▾ subagen│  Harness  codex                                                      │
       ↳ ● [cl│  Model    —                                                          │
   ▾ Completed│  Effort   —                                                          │
     ○ [claude│  Tier     —                                                          │
              │  Mode     yolo                                                       │
              │           skips prompts and sandbox                                  │
              │  Prompt   —                                                          │
              │ Labels                                                               │
              │   no labels yet                                                      │
              │ Env                                                                  │
              │   none  (a add)                                                      │
              │ Files                                                                │
              │   none  (o add path)                                                 │
              │  Ctrl-S launch   Tab next   Esc cancel                               │
              └──────────────────────────────────────────────────────────────────────┘


 j/k:nav  Enter:open  g/G:top/bottom  ?:help  q:quit
