---
source: crates/cctui-tui/src/view_snapshots.rs
assertion_line: 1078
expression: render_screen(&mut app)
---
 cctui  v0.0.0-test  ● ~3 live  ▪ 0/0 machines  $1.25 today  ! 1 need input — Ctrl+g
 1 Sessions  2 Overview  3 Machines   starred · live · dispatched  sort: activity ↓  group: status
   ┌ Diagnose ──────────────────────────────────────────────────────────────────────────────────┐
   │s-working                                                                                   │
   │server:                                                                                     │
▸  │status                             active                                                   │
   │account                            main                                                     │
   │account bound                      false                                                    │
   │machine last seen                  4s ago                                                   │
   │daemon:                                                                                     │
   │UNAVAILABLE                        machine orion is offline                                 │
   │                                                                                            │
   │                                                                                            │
   │                                                                                            │
   │                                                                                            │
   │                                                                                            │
   │                                                                                            │
   │                                                                                            │
   │                                                                                            │
   │                                                                                            │
   │ j/k Scroll  r Refresh  y Copy id  D/i Switch  Esc Close                                    │
   └────────────────────────────────────────────────────────────────────────────────────────────┘

 j/k:nav  Enter:open  g/G:top/bottom  ?:help  q:quit
