---
source: crates/cctui-tui/src/view_snapshots.rs
assertion_line: 123
expression: "render_screen_sized(&mut app, 100, 160)"
---
 cctui  v0.0.0-test  4 sessions  ● 3 active  ! 1 need input — Ctrl+g
 S┌ Keys ────────────────────────────────────────────────────────────────────────────────────────┐
  │Anywhere                                         Ctrl+n / ↓  Next prompt                      │
▸ │  ?           Toggle this cheat sheet            Ctrl+p / ↑  Previous prompt                  │
  │  q           Quit cctui                         Enter       Put this prompt in the composer  │
  │  /           Search the current view          File viewer                                    │
  │  n           Next search hit                    j / ↓       Scroll down                      │
  │  N           Previous search hit                k / ↑       Scroll up                        │
  │  D           Diagnose the selected session      PgDn        Page down                        │
  │  i           Session info                       PgUp        Page up                          │
  │  Ctrl+g      Jump to the next session needin…   g           Jump to the top                  │
  │Session list                                     q / Esc     Close the file viewer            │
  │  j / ↓       Next session                       o           Open in the desktop viewer       │
  │  k / ↑       Previous session                 Labels                                         │
  │  g           First session                      Esc         Close the label list             │
  │  G           Last session                       Ctrl+n / ↓  Next label                       │
  │  Enter       Open the conversation              Ctrl+p / ↑  Previous label                   │
  │  z / Tab     Fold or open the subagent group    Space       Attach or detach this label      │
  │  S           Fold or open the section           Ctrl+c      Create a label                   │
  │  Z           Fold or open everything            Ctrl+e      Rename or recolor                │
  │  f           Choose which sections show         Ctrl+d      Delete this label                │
  │  o           Cycle the sort field               Enter       Confirm                          │
  │  O           Flip the sort direction          Label filter                                   │
  │  v           Cycle what rows group by           Esc         Close the label list             │
  │  c           Cycle the row accent dimension     Ctrl+n / ↓  Next label                       │
  │  U           Show only unread sessions          Ctrl+p / ↑  Previous label                   │
  │  p           Pin or unpin the session           Space / En… Include or exclude this label    │
  │  x           Archive or unarchive the session   a           Show every label again           │
  │  l           Label this session               Pinned messages                                │
  │  L           Filter by label                    Esc         Close the pinned messages        │
  │  r           Rename the session                 Ctrl+n / ↓  Next pin                         │
  │  A           Archive every session in the se…   Ctrl+p / ↑  Previous pin                     │
  │  X           Kill the session                   Enter       Jump to the pinned message       │
  │  u           Undo the last archive              d / m       Unpin this message               │
  │  Space       Select or deselect the row       Macros                                         │
  │  V           Select up to the anchor            Esc         Close the macro list             │
  │  *           Select every visible row           Ctrl+n / ↓  Next macro                       │
  │  Esc         Leave select mode                  Ctrl+p / ↑  Previous macro                   │
  │Confirm prompt                                   Enter       Put this prompt in the composer  │
  │  Y / y       Yes                              Terminal pane                                  │
  │  N / n / q … No                                 T / q / Esc Close the terminal pane          │
  │Rename a session                                 j / ↓       Scroll the terminal down         │
  │  Enter       Save the name                      k / ↑       Scroll the terminal up           │
  │  Esc         Discard the name                 Help                                           │
  │Conversation                                     j / ↓       Scroll down                      │
  │  1-9         Jump to session by number          k / ↑       Scroll up                        │
  │  Ctrl+f      Fork the session                   PgDn        Page down                        │
  │  q / Esc     Back to the session list           PgUp        Page up                          │
  │  j / ↓       Scroll down                        ? / q / Esc Close this cheat sheet           │
  │  k / ↑       Scroll up                        Model picker                                   │
  │  PgDn        Page down                          q / Esc     Close the picker                 │
  │  PgUp        Page up                            j / ↓       Next entry                       │
  │  g           Jump to the top                    k / ↑       Previous entry                   │
  │  G           Jump to the bottom                 h / ←       Focus the model list             │
  │  t           Show timestamps                    l / → / Tab Focus the effort list            │
  │  Ctrl+c      Interrupt the turn                 Enter       Apply model and effort           │
  │  M           Change model and effort          Sidebar                                        │
  │  >           Todo and subagent sidebar          j / ↓       Next subagent                    │
  │  u           Go to the parent session           k / ↑       Previous subagent                │
  │  Ctrl+a      Toggle auto-approve                Enter       Open the subagent                │
  │  v           Select transcript lines            > / Esc     Close the sidebar                │
  │  Ctrl+o      Attach a file                      u           Go to the parent session         │
  │  o           Expand the focused line          Permission card                                │
  │  z           Expand every thinking and resul…   y           Allow                            │
  │  R           Retry the undelivered message      n           Deny                             │
  │  e           Edit the undelivered message       A           Allow and auto-approve           │
  │  x           Drop the undelivered message     Diagnose / info                                │
  │  y           Copy the focused line as Markdo…   D           Diagnose the selected session    │
  │  Y           Copy the code under the cursor     i           Session info                     │
  │  Ctrl+y      Copy a link to this session        q / Esc     Close the panel                  │
  │  :           Run a command (:export)            j / ↓       Scroll the panel down            │
  │  f           Cycle assistant / you / tools      k / ↑       Scroll the panel up              │
  │  F           Choose which lines to show         PgDn        Page the panel down              │
  │  T           Watch the live terminal            PgUp        Page the panel up                │
  │  Ctrl+r      Search sent prompts                g           Jump to the top of the panel     │
  │  m           Pin or unpin the focused line      r           Refresh the report               │
  │  '           Open the pinned messages           y           Copy the session id              │
  │  Ctrl+t      Insert a canned prompt           Question card                                  │
  │  Tab         Answer the waiting prompt          Esc         Answer later                     │
  │  g f         Open the file under the cursor     j / ↓       Next option                      │
  │Composer                                         k / ↑       Previous option                  │
  │  Ctrl+o      Attach a file                      1-9         Pick an option by number         │
  │  Bksp        Remove the focused attachment      Space       Toggle the focused option        │
  │  Alt+Bksp    Focus the attachment chips         Tab         Next question                    │
  │  →           Next attachment chip               Shift+Tab   Previous question                │
  │  ←           Previous attachment chip           o           Write a free-text answer         │
  │  Esc         Close the composer                 Enter       Send the answer                  │
  │  Enter       Send the message                 Question card — free text                      │
  │  Ctrl+j / A… Insert a newline                   Enter       Accept the text                  │
  │  ↑           Recall an earlier prompt           Esc         Discard the text                 │
  │  ↓           Recall a later prompt            Plan card                                      │
  │  Ctrl+r      Search sent prompts                Esc         Answer later                     │
  │  Tab         Take the session completion        1           Approve, auto-accept edits       │
  │  Ctrl+t      Insert a canned prompt             2           Approve, manually approve edits  │
  │Sections popup                                   3           Keep planning                    │
  │  f / q / Esc Choose which sections show         r           Refine the plan                  │
  │  j / ↓       Next section                       j / ↓       Scroll the plan down             │
  │  k / ↑       Previous section                   k / ↑       Scroll the plan up               │
  │  Space / En… Show or hide this section        Plan card — refine                             │
  │List search                                      Enter       Accept the text                  │
  │  Ctrl+n      Next search hit                    Esc         Discard the text                 │
  │  Ctrl+p      Previous search hit              Row glyphs                                     │
  │  Tab         Complete the field or value        ●           working                          │
  │  Enter       Open the result                    ◐           stale or asleep                  │
  │  Esc         Clear the search                   ○           idle                             │
  │  Ctrl+a      Include archived sessions          ☾           hibernated                       │
  │  Ctrl+m      Load more results                  ↳           subagent                         │
  │Search and commands                              ▸ / ▾       folded / open group              │
  │  Enter       Run it                             [name]      a label, tinted by its hue       │
  │  Esc         Abandon it                         +N          more labels than fit             │
  │  Tab         Complete the path                  !           permission waiting on you        │
  │Filter menu                                      ?           question waiting on you          │
  │  F / q / Esc Choose which lines to show         P           plan waiting for approval        │
  │  a           Show every category                ●N          unread messages                  │
  │  r           Back to the default filter         ⚡           auto-approve on                  │
  │  Space / En… Show or hide this category         ⏸           account soft-limited             │
  │  j / ↓       Next category                      ⚠           account traffic never seen       │
  │  k / ↑       Previous category                  ❄           cache cold, next turn re-reads   │
  │Prompt history                                   ✕reason     how it ended                     │
  │  Esc         Close the prompt list              ⚙N age      tool calls, age of the last      │
  │                                                                                              │
  │                                                                                              │
  │                                                                                              │
  │                                                                                              │
  │                                                                                              │
  │                                                                                              │
  │                                                                                              │
  │                                                                                              │
  │                                                                                              │
  │                                                                                              │
  │                                                                                              │
  │                                                                                              │
  │                                                                                              │
  │                                                                                              │
  │                                                                                              │
  │                                                                                              │
  │                                                                                              │
  │                                                                                              │
  │                                                                                              │
  │                                                                                              │
  │                                                                                              │
  │                                                                                              │
  │                                                                                              │
  │                                                                                              │
  │                                                                                              │
  │                                                                                              │
  │                                                                                              │
  │                                                                                              │
  │                                                                                              │
  │                                                                                              │
  │                                                                                              │
  │                                                                                              │
  │                                                                                              │
  │                                                                                              │
  │                                                                                              │
  │                                                                                              │
  │                                                                                              │
  │                                                                                              │
  └──────────────────────────────────────────────────────────────────────────────────────────────┘
 j/k:nav  Enter:open  g/G:top/bottom  ?:help  q:quit
