---
source: crates/cctui-tui/src/view_snapshots.rs
assertion_line: 1099
expression: render_screen(&mut app)
---
 cctui  v0.0.0-test  4 sessions  ● 3 active
 Sessions
   ▾ Needs input (1)
▸    ● [claude-code] infra (main)  opus  0s  $1.25 [infra] [urgent]
   ▾ W┌ Labels: infra ───────────────────────────────────────────────────────────────────────┐
     ●│ filter wa▏                                                                           │
     ▾│                                                                                      │
      │❯ [ ] ■ wave-5                                                                        │
   ▾ C│                                                                                      │
     ○│                                                                                      │
      │                                                                                      │
      │                                                                                      │
      │                                                                                      │
      │                                                                                      │
      │                                                                                      │
      │                                                                                      │
      │                                                                                      │
      │                                                                                      │
      │ space attach  Ctrl+c new  Ctrl+e edit  Ctrl+d delete  esc close                      │
      └──────────────────────────────────────────────────────────────────────────────────────┘



 j/k:nav  Enter:open  g/G:top/bottom  ?:help  q:quit
